###############################################################################
#
# IAR ELF Linker V9.10.2.313/W64 for ARM                  23/Jul/2022  14:14:06
# Copyright 2007-2021 IAR Systems AB.
#
#    Output file  =
#        C:\Users\arthu\Documents\Programas\PortableApps\GeanyPortable\Programas\Projeto_de_sistemas_embarcados\Projeto
#        Final - C++\Debug\Exe\Projeto Final.out
#    Map file     =
#        C:\Users\arthu\Documents\Programas\PortableApps\GeanyPortable\Programas\Projeto_de_sistemas_embarcados\Projeto
#        Final - C++\Debug\List\Projeto Final.map
#    Command line =
#        -f
#        "C:\Users\arthu\Documents\Programas\PortableApps\GeanyPortable\Programas\Projeto_de_sistemas_embarcados\Projeto
#        Final - C++\Debug\Exe\Projeto Final.out.rsp"
#        ("C:\Users\arthu\Documents\Programas\PortableApps\GeanyPortable\Programas\Projeto_de_sistemas_embarcados\Projeto
#        Final - C++\Debug\Obj\adc-driver.o"
#        "C:\Users\arthu\Documents\Programas\PortableApps\GeanyPortable\Programas\Projeto_de_sistemas_embarcados\Projeto
#        Final - C++\Debug\Obj\Core\adc.o"
#        "C:\Users\arthu\Documents\Programas\PortableApps\GeanyPortable\Programas\Projeto_de_sistemas_embarcados\Projeto
#        Final - C++\Debug\Obj\Core\adc_f1.o"
#        "C:\Users\arthu\Documents\Programas\PortableApps\GeanyPortable\Programas\Projeto_de_sistemas_embarcados\Projeto
#        Final - C++\Debug\Obj\Core\Vector\cexit.o"
#        "C:\Users\arthu\Documents\Programas\PortableApps\GeanyPortable\Programas\Projeto_de_sistemas_embarcados\Projeto
#        Final - C++\Debug\Obj\Core\Vector\cmain.o"
#        "C:\Users\arthu\Documents\Programas\PortableApps\GeanyPortable\Programas\Projeto_de_sistemas_embarcados\Projeto
#        Final - C++\Debug\Obj\Core\Vector\cstartup_M.o"
#        "C:\Users\arthu\Documents\Programas\PortableApps\GeanyPortable\Programas\Projeto_de_sistemas_embarcados\Projeto
#        Final - C++\Debug\Obj\Core\Vector\cstartup_ropi_M.o"
#        "C:\Users\arthu\Documents\Programas\PortableApps\GeanyPortable\Programas\Projeto_de_sistemas_embarcados\Projeto
#        Final - C++\Debug\Obj\Core\Vector\cstartup_rwpi_M.o"
#        "C:\Users\arthu\Documents\Programas\PortableApps\GeanyPortable\Programas\Projeto_de_sistemas_embarcados\Projeto
#        Final - C++\Debug\Obj\Core\dma.o"
#        "C:\Users\arthu\Documents\Programas\PortableApps\GeanyPortable\Programas\Projeto_de_sistemas_embarcados\Projeto
#        Final - C++\Debug\Obj\Core\dma_f1.o"
#        "C:\Users\arthu\Documents\Programas\PortableApps\GeanyPortable\Programas\Projeto_de_sistemas_embarcados\Projeto
#        Final - C++\Debug\Obj\Core\exti.o"
#        "C:\Users\arthu\Documents\Programas\PortableApps\GeanyPortable\Programas\Projeto_de_sistemas_embarcados\Projeto
#        Final - C++\Debug\Obj\Core\exti_f1.o"
#        "C:\Users\arthu\Documents\Programas\PortableApps\GeanyPortable\Programas\Projeto_de_sistemas_embarcados\Projeto
#        Final - C++\Debug\Obj\Core\flash.o"
#        "C:\Users\arthu\Documents\Programas\PortableApps\GeanyPortable\Programas\Projeto_de_sistemas_embarcados\Projeto
#        Final - C++\Debug\Obj\gpio-driver.o"
#        "C:\Users\arthu\Documents\Programas\PortableApps\GeanyPortable\Programas\Projeto_de_sistemas_embarcados\Projeto
#        Final - C++\Debug\Obj\Core\gpio.o"
#        "C:\Users\arthu\Documents\Programas\PortableApps\GeanyPortable\Programas\Projeto_de_sistemas_embarcados\Projeto
#        Final - C++\Debug\Obj\Core\gpio_f1.o"
#        "C:\Users\arthu\Documents\Programas\PortableApps\GeanyPortable\Programas\Projeto_de_sistemas_embarcados\Projeto
#        Final - C++\Debug\Obj\Wire\HardWire.o"
#        "C:\Users\arthu\Documents\Programas\PortableApps\GeanyPortable\Programas\Projeto_de_sistemas_embarcados\Projeto
#        Final - C++\Debug\Obj\Core\i2c.o"
#        "C:\Users\arthu\Documents\Programas\PortableApps\GeanyPortable\Programas\Projeto_de_sistemas_embarcados\Projeto
#        Final - C++\Debug\Obj\Core\i2c_f1.o"
#        "C:\Users\arthu\Documents\Programas\PortableApps\GeanyPortable\Programas\Projeto_de_sistemas_embarcados\Projeto
#        Final - C++\Debug\Obj\led-driver.o"
#        "C:\Users\arthu\Documents\Programas\PortableApps\GeanyPortable\Programas\Projeto_de_sistemas_embarcados\Projeto
#        Final - C++\Debug\Obj\main.o"
#        "C:\Users\arthu\Documents\Programas\PortableApps\GeanyPortable\Programas\Projeto_de_sistemas_embarcados\Projeto
#        Final - C++\Debug\Obj\Core\nvic.o"
#        "C:\Users\arthu\Documents\Programas\PortableApps\GeanyPortable\Programas\Projeto_de_sistemas_embarcados\Projeto
#        Final - C++\Debug\Obj\pwm-driver.o"
#        "C:\Users\arthu\Documents\Programas\PortableApps\GeanyPortable\Programas\Projeto_de_sistemas_embarcados\Projeto
#        Final - C++\Debug\Obj\Core\rcc.o"
#        "C:\Users\arthu\Documents\Programas\PortableApps\GeanyPortable\Programas\Projeto_de_sistemas_embarcados\Projeto
#        Final - C++\Debug\Obj\Core\rcc_f1.o"
#        "C:\Users\arthu\Documents\Programas\PortableApps\GeanyPortable\Programas\Projeto_de_sistemas_embarcados\Projeto
#        Final - C++\Debug\Obj\Core\spi.o"
#        "C:\Users\arthu\Documents\Programas\PortableApps\GeanyPortable\Programas\Projeto_de_sistemas_embarcados\Projeto
#        Final - C++\Debug\Obj\SPI\SPI.o"
#        "C:\Users\arthu\Documents\Programas\PortableApps\GeanyPortable\Programas\Projeto_de_sistemas_embarcados\Projeto
#        Final - C++\Debug\Obj\Core\spi_f1.o"
#        "C:\Users\arthu\Documents\Programas\PortableApps\GeanyPortable\Programas\Projeto_de_sistemas_embarcados\Projeto
#        Final - C++\Debug\Obj\Core\sysInit .o"
#        "C:\Users\arthu\Documents\Programas\PortableApps\GeanyPortable\Programas\Projeto_de_sistemas_embarcados\Projeto
#        Final - C++\Debug\Obj\Core\systick.o"
#        "C:\Users\arthu\Documents\Programas\PortableApps\GeanyPortable\Programas\Projeto_de_sistemas_embarcados\Projeto
#        Final - C++\Debug\Obj\timer-driver.o"
#        "C:\Users\arthu\Documents\Programas\PortableApps\GeanyPortable\Programas\Projeto_de_sistemas_embarcados\Projeto
#        Final - C++\Debug\Obj\Core\timer.o"
#        "C:\Users\arthu\Documents\Programas\PortableApps\GeanyPortable\Programas\Projeto_de_sistemas_embarcados\Projeto
#        Final - C++\Debug\Obj\usart-driver.o"
#        "C:\Users\arthu\Documents\Programas\PortableApps\GeanyPortable\Programas\Projeto_de_sistemas_embarcados\Projeto
#        Final - C++\Debug\Obj\Core\usart.o"
#        "C:\Users\arthu\Documents\Programas\PortableApps\GeanyPortable\Programas\Projeto_de_sistemas_embarcados\Projeto
#        Final - C++\Debug\Obj\Core\usart_f1.o"
#        "C:\Users\arthu\Documents\Programas\PortableApps\GeanyPortable\Programas\Projeto_de_sistemas_embarcados\Projeto
#        Final - C++\Debug\Obj\Core\usart_private.o"
#        "C:\Users\arthu\Documents\Programas\PortableApps\GeanyPortable\Programas\Projeto_de_sistemas_embarcados\Projeto
#        Final - C++\Debug\Obj\Core\util.o"
#        "C:\Users\arthu\Documents\Programas\PortableApps\GeanyPortable\Programas\Projeto_de_sistemas_embarcados\Projeto
#        Final - C++\Debug\Obj\Core\util_adc.o"
#        "C:\Users\arthu\Documents\Programas\PortableApps\GeanyPortable\Programas\Projeto_de_sistemas_embarcados\Projeto
#        Final - C++\Debug\Obj\Core\Vector\vector_table_M.o"
#        "C:\Users\arthu\Documents\Programas\PortableApps\GeanyPortable\Programas\Projeto_de_sistemas_embarcados\Projeto
#        Final - C++\Debug\Obj\Core\Vector\vectortrap_M.o"
#        "C:\Users\arthu\Documents\Programas\PortableApps\GeanyPortable\Programas\Projeto_de_sistemas_embarcados\Projeto
#        Final - C++\Debug\Obj\Core\Vector\vectortrap_M_exit.o"
#        "C:\Users\arthu\Documents\Programas\PortableApps\GeanyPortable\Programas\Projeto_de_sistemas_embarcados\Projeto
#        Final - C++\Debug\Obj\Wire\Wire.o"
#        "C:\Users\arthu\Documents\Programas\PortableApps\GeanyPortable\Programas\Projeto_de_sistemas_embarcados\Projeto
#        Final - C++\Debug\Obj\Wire\WireBase.o"
#        "C:\Users\arthu\Documents\Programas\PortableApps\GeanyPortable\Programas\Projeto_de_sistemas_embarcados\Projeto
#        Final - C++\Debug\Obj\Core\Vector\XXexit.o" --no_out_extension -o
#        "C:\Users\arthu\Documents\Programas\PortableApps\GeanyPortable\Programas\Projeto_de_sistemas_embarcados\Projeto
#        Final - C++\Debug\Exe\Projeto Final.out" --redirect
#        _Printf=_PrintfFullNoMb --redirect _Scanf=_ScanfFullNoMb --map
#        "C:\Users\arthu\Documents\Programas\PortableApps\GeanyPortable\Programas\Projeto_de_sistemas_embarcados\Projeto
#        Final - C++\Debug\List\Projeto Final.map" --config "C:\Program
#        Files\IAR Systems\Embedded Workbench
#        9.0\arm\config\linker\ST\stm32f103x8.icf" --semihosting --entry
#        __iar_program_start --vfe --text_out locale)
#
###############################################################################

*******************************************************************************
*** RUNTIME MODEL ATTRIBUTES
***

CppFlavor                     = *
__CPP_Exceptions              = Disabled
__CPP_Language                = C++14
__Heap_Handler                = Basic
__SystemLibrary               = DLib
__dlib_dynamic_initialization = normal
__dlib_version                = 6


*******************************************************************************
*** HEAP SELECTION
***

The basic heap was selected because no calls to memory allocation
functions were found in the application outside of system library
functions, and there are calls to deallocation functions in the
application.


*******************************************************************************
*** PLACEMENT SUMMARY
***

"A0":  place at address 0x800'0000 { ro section .intvec };
"P1":  place in [from 0x800'0000 to 0x800'ffff] { ro };
define block CSTACK with size = 2K, alignment = 8 { };
define block HEAP with size = 2K, alignment = 8 { };
"P2":  place in [from 0x2000'0000 to 0x2000'4fff] {
          rw, block CSTACK, block HEAP };
initialize by copy { rw };

  Section                Kind         Address    Size  Object
  -------                ----         -------    ----  ------
"A0":                                            0xec
  .intvec                ro code   0x800'0000    0xec  vector_table_M.o [3]
                                 - 0x800'00ec    0xec

"P1":                                          0x3302
  .text                  ro code   0x800'00ec   0xf12  xprintffull_nomb.o [6]
  .text                  ro code   0x800'0ffe    0x3a  packbits_init_single.o [9]
  .text                  ro code   0x800'1038    0x16  strchr.o [9]
  .text                  ro code   0x800'104e     0x2  vectortrap_M.o [3]
  .text                  ro code   0x800'1050    0x40  xfail_s.o [6]
  .text                  ro code   0x800'1090    0x36  strlen.o [9]
  .rodata                const     0x800'10c6     0x1  unwind_debug.o [10]
  .text                  ro code   0x800'10c8    0x58  memchr.o [9]
  .text                  ro code   0x800'1120    0xa6  ABImemcpy.o [9]
  .text                  ro code   0x800'11c8    0x70  frexp.o [8]
  .text                  ro code   0x800'1238    0x34  DblCmpLe.o [8]
  .text                  ro code   0x800'126c    0x34  DblCmpGe.o [8]
  .text                  ro code   0x800'12a0   0x13a  ldexp.o [8]
  .text                  ro code   0x800'13dc    0x36  DblToS32.o [8]
  .text                  ro code   0x800'1414    0x22  S32ToDbl.o [8]
  .text                  ro code   0x800'1438   0x24e  DblAddSub.o [8]
  .text                  ro code   0x800'1688   0x246  DblDiv.o [8]
  .text                  ro code   0x800'18d0    0x22  DblToU32.o [8]
  .text                  ro code   0x800'18f4    0x1c  U32ToDbl.o [8]
  .text                  ro code   0x800'1910   0x1aa  DblMul.o [8]
  .text                  ro code   0x800'1abc   0x230  I64DivMod.o [9]
  .text                  ro code   0x800'1cec     0x6  abort.o [6]
  .text                  ro code   0x800'1cf4     0x2  I64DivZer.o [9]
  .text                  ro code   0x800'1cf8     0xc  XXexit.o [3]
  .text                  ro code   0x800'1d04   0x240  usart_f1.o [2]
  .text                  ro code   0x800'1f44    0x66  gpio_f1.o [2]
  .text                  ro code   0x800'1fac    0x2c  usart_private.o [2]
  .text                  ro code   0x800'1fd8    0xb6  util.o [2]
  .text                  ro code   0x800'2090    0xde  rcc.o [2]
  .text                  ro code   0x800'2170   0x1a8  usart.o [2]
  .text                  ro code   0x800'2318   0x154  rcc_f1.o [2]
  .text                  ro code   0x800'246c   0x1b8  usart-driver.o [1]
  .text                  ro code   0x800'2624    0x74  gpio-driver.o [1]
  .text                  ro code   0x800'2698    0x12  gpio.o [2]
  .text                  ro code   0x800'26ac   0x1ac  timer.o [2]
  .text                  ro code   0x800'2858   0x14c  timer-driver.o [1]
  .text                  ro code   0x800'29a4   0x104  SPI.o [4]
  .text                  ro code   0x800'2aa8    0x32  cxxabi.o [7]
  .text                  ro code   0x800'2adc    0xa0  cppinit.o [6]
  .text                  ro code   0x800'2b7c    0xe6  sysInit .o [2]
  .text                  ro code   0x800'2c64    0x14  flash.o [2]
  .text                  ro code   0x800'2c78    0x68  nvic.o [2]
  .rodata                const     0x800'2ce0    0x8c  rcc_f1.o [2]
  .rodata                const     0x800'2d6c    0x8c  usart_f1.o [2]
  .rodata                const     0x800'2df8    0x88  SPI.o [4]
  .rodata                const     0x800'2e80    0x88  timer.o [2]
  .rodata                const     0x800'2f08    0x5c  rcc_f1.o [2]
  .text                  ro code   0x800'2f64    0x4c  main.o [1]
  .text                  ro code   0x800'2fb0    0x28  printf.o [6]
  .text                  ro code   0x800'2fd8    0x4a  Wire.o [5]
  .text                  ro code   0x800'3022    0x38  zero_init3.o [9]
  .text                  ro code   0x800'305c    0x28  data_init.o [9]
  .iar.init_table        const     0x800'3084    0x24  - Linker created -
  .rodata                const     0x800'30a8    0x20  main.o [1]
  .text                  ro code   0x800'30c8    0x20  putchar.o [6]
  .text                  ro code   0x800'30e8    0x20  cmain_call_ctors.o [9]
  .text                  ro code   0x800'3108    0x1e  cmain.o [3]
  .text                  ro code   0x800'3126     0x4  low_level_init.o [6]
  .text                  ro code   0x800'312a     0x4  exit.o [6]
  .text                  ro code   0x800'3130     0xe  cexit.o [3]
  .rodata                const     0x800'3140    0x1c  rcc_f1.o [2]
  .text                  ro code   0x800'315c    0x1c  cstartup_M.o [3]
  .text                  ro code   0x800'3178    0x1c  SPI.o [4]
  .rodata                const     0x800'3194    0x18  util.o [2]
  .text                  ro code   0x800'31ac    0x18  cstartup_ropi_M.o [3]
  .text                  ro code   0x800'31c4    0x16  xprout.o [6]
  .rodata                const     0x800'31dc    0x14  main.o [1]
  .rodata                const     0x800'31f0    0x14  rcc_f1.o [2]
  .rodata                const     0x800'3204    0x10  Wire.o [5]
  .rodata                const     0x800'3214     0xc  usart_f1.o [2]
  .rodata                const     0x800'3220     0x8  gpio-driver.o [1]
  .rodata                const     0x800'3228     0x8  SPI.o [4]
  SHT$$PREINIT_ARRAY               0x800'3230     0x0  <Block>
  SHT$$INIT_ARRAY                  0x800'3230     0x8  <Block>
    .init_array          const     0x800'3230     0x4  SPI.o [4]
    .init_array          const     0x800'3234     0x4  Wire.o [5]
  __iar_tls$$INIT_ARRAY            0x800'3238     0x0  <Block>
  .rodata                const     0x800'3238     0x4  gpio_f1.o [2]
  .rodata                const     0x800'323c     0x4  gpio_f1.o [2]
  .rodata                const     0x800'3240     0x4  gpio_f1.o [2]
  .rodata                const     0x800'3244     0x4  timer.o [2]
  .rodata                const     0x800'3248     0x4  timer.o [2]
  .rodata                const     0x800'324c     0x4  timer.o [2]
  .rodata                const     0x800'3250     0x4  timer.o [2]
  .rodata                const     0x800'3254     0x4  usart-driver.o [1]
  .rodata                const     0x800'3258     0x4  usart-driver.o [1]
  .text                  ro code   0x800'325c     0x4  vector_table_M.o [3]
  .text                  ro code   0x800'3260     0x4  vector_table_M.o [3]
  .text                  ro code   0x800'3264     0x4  vector_table_M.o [3]
  .text                  ro code   0x800'3268     0x4  vector_table_M.o [3]
  .text                  ro code   0x800'326c     0x4  vector_table_M.o [3]
  .text                  ro code   0x800'3270     0x4  vector_table_M.o [3]
  .text                  ro code   0x800'3274     0x4  vector_table_M.o [3]
  .text                  ro code   0x800'3278     0x4  vector_table_M.o [3]
  .text                  ro code   0x800'327c     0x4  vector_table_M.o [3]
  .text                  ro code   0x800'3280     0x4  vector_table_M.o [3]
  .text                  ro code   0x800'3284     0x4  vector_table_M.o [3]
  .text                  ro code   0x800'3288     0x4  vector_table_M.o [3]
  .text                  ro code   0x800'328c     0x4  vector_table_M.o [3]
  .text                  ro code   0x800'3290     0x4  vector_table_M.o [3]
  .text                  ro code   0x800'3294     0x4  vector_table_M.o [3]
  .text                  ro code   0x800'3298     0x4  vector_table_M.o [3]
  .text                  ro code   0x800'329c     0x4  vector_table_M.o [3]
  .text                  ro code   0x800'32a0     0x4  vector_table_M.o [3]
  .text                  ro code   0x800'32a4     0x4  vector_table_M.o [3]
  .text                  ro code   0x800'32a8     0x4  vector_table_M.o [3]
  .text                  ro code   0x800'32ac     0x4  vector_table_M.o [3]
  .text                  ro code   0x800'32b0     0x4  vector_table_M.o [3]
  .text                  ro code   0x800'32b4     0x4  vector_table_M.o [3]
  .text                  ro code   0x800'32b8     0x4  vector_table_M.o [3]
  .text                  ro code   0x800'32bc     0x4  vector_table_M.o [3]
  .text                  ro code   0x800'32c0     0x4  vector_table_M.o [3]
  .text                  ro code   0x800'32c4     0x4  vector_table_M.o [3]
  .text                  ro code   0x800'32c8     0x4  vector_table_M.o [3]
  .text                  ro code   0x800'32cc     0x4  vector_table_M.o [3]
  .text                  ro code   0x800'32d0     0x4  vector_table_M.o [3]
  .text                  ro code   0x800'32d4     0x4  vector_table_M.o [3]
  .text                  ro code   0x800'32d8     0x4  vector_table_M.o [3]
  .text                  ro code   0x800'32dc     0x4  vector_table_M.o [3]
  .text                  ro code   0x800'32e0     0x4  vector_table_M.o [3]
  .text                  ro code   0x800'32e4     0x4  vector_table_M.o [3]
  .text                  ro code   0x800'32e8     0x4  vector_table_M.o [3]
  .text                  ro code   0x800'32ec     0x4  vector_table_M.o [3]
  .text                  ro code   0x800'32f0     0x4  vector_table_M.o [3]
  .text                  ro code   0x800'32f4     0x4  vector_table_M.o [3]
  .text                  ro code   0x800'32f8     0x4  vector_table_M.o [3]
  .text                  ro code   0x800'32fc     0x0  cstart_call_dtors.o [9]
  .rodata                const     0x800'32fc     0x0  zero_init3.o [9]
  .rodata                const     0x800'32fc     0x0  packbits_init_single.o [9]
  Initializer bytes      const     0x800'32fc    0xf2  <for P2-1>
                                 - 0x800'33ee  0x3302

"P2", part 1 of 3:                              0x2fc
  P2-1                            0x2000'0000   0x2fc  <Init block>
    .data                inited   0x2000'0000    0x40  dma_f1.o [2]
    .data                inited   0x2000'0040     0x4  dma_f1.o [2]
    .data                inited   0x2000'0044     0x8  gpio_f1.o [2]
    .data                inited   0x2000'004c     0x8  gpio_f1.o [2]
    .data                inited   0x2000'0054     0x8  gpio_f1.o [2]
    .data                inited   0x2000'005c     0xc  rcc_f1.o [2]
    .data                inited   0x2000'0068     0x8  rcc_f1.o [2]
    .data                inited   0x2000'0070     0xc  rcc_f1.o [2]
    .data                inited   0x2000'007c     0x8  spi_f1.o [2]
    .data                inited   0x2000'0084     0x8  spi_f1.o [2]
    .data                inited   0x2000'008c     0x4  spi_f1.o [2]
    .data                inited   0x2000'0090     0x4  spi_f1.o [2]
    .data                inited   0x2000'0094     0x4  sysInit .o [2]
    .data                inited   0x2000'0098     0x8  sysInit .o [2]
    .data                inited   0x2000'00a0    0x28  timer.o [2]
    .data                inited   0x2000'00c8    0x24  timer.o [2]
    .data                inited   0x2000'00ec    0x24  timer.o [2]
    .data                inited   0x2000'0110    0x24  timer.o [2]
    .data                inited   0x2000'0134    0x94  usart_f1.o [2]
    .data                inited   0x2000'01c8     0x4  usart_f1.o [2]
    .data                inited   0x2000'01cc    0x94  usart_f1.o [2]
    .data                inited   0x2000'0260     0x4  usart_f1.o [2]
    .data                inited   0x2000'0264    0x94  usart_f1.o [2]
    .data                inited   0x2000'02f8     0x4  usart_f1.o [2]
                                - 0x2000'02fc   0x2fc

"P2", part 2 of 3:                              0x108
  .bss                   zero     0x2000'02fc    0x58  Wire.o [5]
  .bss                   zero     0x2000'0354    0x44  SPI.o [4]
  .bss                   zero     0x2000'0398     0xc  usart_f1.o [2]
  .bss                   zero     0x2000'03a4     0xc  usart_f1.o [2]
  .bss                   zero     0x2000'03b0     0xc  usart_f1.o [2]
  .bss                   zero     0x2000'03bc     0xc  usart_f1.o [2]
  .bss                   zero     0x2000'03c8     0xc  usart_f1.o [2]
  .bss                   zero     0x2000'03d4     0xc  usart_f1.o [2]
  .bss                   zero     0x2000'03e0     0x8  timer-driver.o [1]
  .bss                   zero     0x2000'03e8     0x4  gpio-driver.o [1]
  .bss                   zero     0x2000'03ec     0x4  timer-driver.o [1]
  .bss                   zero     0x2000'03f0     0x4  usart-driver.o [1]
  .bss                   zero     0x2000'03f4     0x4  usart-driver.o [1]
  .bss                   zero     0x2000'03f8     0x4  cppinit.o [6]
  .bss                   zero     0x2000'03fc     0x4  cppinit.o [6]
  .bss                   zero     0x2000'0400     0x4  xfail_s.o [6]
                                - 0x2000'0404   0x108

"P2", part 3 of 3:                              0x98c
  .iar.dynexit                    0x2000'0404   0x18c  <Block>
    .iar.dynexit         uninit   0x2000'0404     0xc  cppinit.o [6]
    .iar.dynexit         uninit   0x2000'0410   0x180  <Block tail>
  CSTACK                          0x2000'0590   0x800  <Block>
    CSTACK               uninit   0x2000'0590   0x800  <Block tail>
                                - 0x2000'0d90   0x98c

Unused ranges:

         From           To    Size
         ----           --    ----
   0x800'33ee   0x800'ffff  0xcc12
  0x2000'0d90  0x2000'4fff  0x4270


*******************************************************************************
*** INIT TABLE
***

          Address      Size
          -------      ----
Zero (__iar_zero_init3)
    1 destination range, total size 0x108:
          0x2000'02fc  0x108

Copy/packbits (__iar_packbits_init_single3)
    1 source range, total size 0xf2 (31% of destination):
           0x800'32fc   0xf2
    1 destination range, total size 0x2fc:
          0x2000'0000  0x2fc

Extra (__iar_cstart_call_ctors)



*******************************************************************************
*** MODULE SUMMARY
***

    Module                  ro code  ro data  rw data
    ------                  -------  -------  -------
command line/config:
    -------------------------------------------------
    Total:

C:\Users\arthu\Documents\Programas\PortableApps\GeanyPortable\Programas\Projeto_de_sistemas_embarcados\Projeto Final - C++\Debug\Obj: [1]
    gpio-driver.o               116        8        4
    main.o                       76       52
    timer-driver.o              332                12
    usart-driver.o              440        8        8
    -------------------------------------------------
    Total:                      964       68       24

C:\Users\arthu\Documents\Programas\PortableApps\GeanyPortable\Programas\Projeto_de_sistemas_embarcados\Projeto Final - C++\Debug\Obj\Core: [2]
    dma_f1.o                              21       68
    flash.o                      20
    gpio.o                       18
    gpio_f1.o                   102       20       24
    nvic.o                      104
    rcc.o                       222
    rcc_f1.o                    340      290       32
    spi_f1.o                               7       24
    sysInit .o                  230        4       12
    timer.o                     428      199      148
    usart.o                     424
    usart_f1.o                  576      296      528
    usart_private.o              44
    util.o                      182       24
    -------------------------------------------------
    Total:                    2'690      861      836

C:\Users\arthu\Documents\Programas\PortableApps\GeanyPortable\Programas\Projeto_de_sistemas_embarcados\Projeto Final - C++\Debug\Obj\Core\Vector: [3]
    XXexit.o                     12
    cexit.o                      14
    cmain.o                      30
    cstartup_M.o                 28
    cstartup_ropi_M.o            24
    vector_table_M.o            396
    vectortrap_M.o                2
    -------------------------------------------------
    Total:                      506

C:\Users\arthu\Documents\Programas\PortableApps\GeanyPortable\Programas\Projeto_de_sistemas_embarcados\Projeto Final - C++\Debug\Obj\SPI: [4]
    SPI.o                       288      148       68
    -------------------------------------------------
    Total:                      288      148       68

C:\Users\arthu\Documents\Programas\PortableApps\GeanyPortable\Programas\Projeto_de_sistemas_embarcados\Projeto Final - C++\Debug\Obj\Wire: [5]
    Wire.o                       74       20       88
    -------------------------------------------------
    Total:                       74       20       88

dl7M_tln.a: [6]
    abort.o                       6
    cppinit.o                   160                20
    exit.o                        4
    low_level_init.o              4
    printf.o                     40
    putchar.o                    32
    xfail_s.o                    64                 4
    xprintffull_nomb.o        3'858
    xprout.o                     22
    -------------------------------------------------
    Total:                    4'190                24

dlpp7M_tl_nc.a: [7]
    cxxabi.o                     50
    -------------------------------------------------
    Total:                       50

m7M_tl.a: [8]
    DblAddSub.o                 590
    DblCmpGe.o                   52
    DblCmpLe.o                   52
    DblDiv.o                    582
    DblMul.o                    426
    DblToS32.o                   54
    DblToU32.o                   34
    S32ToDbl.o                   34
    U32ToDbl.o                   28
    frexp.o                     112
    ldexp.o                     314
    -------------------------------------------------
    Total:                    2'278

rt7M_tl.a: [9]
    ABImemcpy.o                 166
    I64DivMod.o                 560
    I64DivZer.o                   2
    cmain_call_ctors.o           32
    cstart_call_dtors.o
    data_init.o                  40
    memchr.o                     88
    packbits_init_single.o       58
    strchr.o                     22
    strlen.o                     54
    zero_init3.o                 56
    -------------------------------------------------
    Total:                    1'078

shb_l.a: [10]
    unwind_debug.o                         1
    -------------------------------------------------
    Total:                                 1

    Gaps                         37        4
    Linker created                        37    2'432
-----------------------------------------------------
    Grand Total:             12'155    1'139    3'472


*******************************************************************************
*** ENTRY LIST
***

Entry                       Address   Size  Type      Object
-----                       -------   ----  ----      ------
.iar.dynexit$$Base      0x2000'0404          --   Gb  - Linker created -
.iar.dynexit$$Limit     0x2000'0590          --   Gb  - Linker created -
.iar.init_table$$Base    0x800'3084          --   Gb  - Linker created -
.iar.init_table$$Limit   0x800'30a8          --   Gb  - Linker created -
?main                    0x800'3109         Code  Gb  cmain.o [3]
BusFault_Handler         0x800'104f         Code  Wk  vectortrap_M.o [3]
CSTACK$$Base            0x2000'0590          --   Gb  - Linker created -
CSTACK$$Limit           0x2000'0d90          --   Gb  - Linker created -
DMA1                    0x2000'0040    0x4  Data  Gb  dma_f1.o [2]
DebugMon_Handler         0x800'104f         Code  Wk  vectortrap_M.o [3]
DtorRecArray            0x2000'0404    0xc  Data  Lc  cppinit.o [6]
GPIOA                    0x800'3238    0x4  Data  Gb  gpio_f1.o [2]
GPIOB                    0x800'323c    0x4  Data  Gb  gpio_f1.o [2]
GPIOC                    0x800'3240    0x4  Data  Gb  gpio_f1.o [2]
HardFault_Handler        0x800'104f         Code  Wk  vectortrap_M.o [3]
MemManage_Handler        0x800'104f         Code  Wk  vectortrap_M.o [3]
NMI_Handler              0x800'104f         Code  Wk  vectortrap_M.o [3]
PendSV_Handler           0x800'104f         Code  Wk  vectortrap_M.o [3]
Region$$Table$$Base      0x800'3084          --   Gb  - Linker created -
Region$$Table$$Limit     0x800'30a8          --   Gb  - Linker created -
SHT$$INIT_ARRAY$$Base    0x800'3230          --   Gb  - Linker created -
SHT$$INIT_ARRAY$$Limit   0x800'3238          --   Gb  - Linker created -
SHT$$PREINIT_ARRAY$$Base
                         0x800'3230          --   Gb  - Linker created -
SHT$$PREINIT_ARRAY$$Limit
                         0x800'3230          --   Gb  - Linker created -
SPI                     0x2000'0354   0x44  Data  Gb  SPI.o [4]
SPI1                    0x2000'008c    0x4  Data  Gb  spi_f1.o [2]
SPI2                    0x2000'0090    0x4  Data  Gb  spi_f1.o [2]
SPIClass::SPIClass(unsigned int)
                         0x800'29b3   0x96  Code  Gb  SPI.o [4]
SPISettings::SPISettings()
                         0x800'3179   0x1c  Code  Gb  SPI.o [4]
SVC_Handler              0x800'104f         Code  Wk  vectortrap_M.o [3]
SysTick_Handler          0x800'104f         Code  Wk  vectortrap_M.o [3]
TIMER1                   0x800'3244    0x4  Data  Gb  timer.o [2]
TIMER2                   0x800'3248    0x4  Data  Gb  timer.o [2]
TIMER3                   0x800'324c    0x4  Data  Gb  timer.o [2]
TIMER4                   0x800'3250    0x4  Data  Gb  timer.o [2]
TwoWire::TwoWire(unsigned char, unsigned char, unsigned char)
                         0x800'2ff3   0x16  Code  Gb  Wire.o [5]
TwoWire::~TwoWire()      0x800'3015    0xe  Code  Gb  Wire.o [5]
UART_iniciada           0x2000'03f4    0x4  Data  Gb  usart-driver.o [1]
USART1                  0x2000'01c8    0x4  Data  Gb  usart_f1.o [2]
USART2                  0x2000'0260    0x4  Data  Gb  usart_f1.o [2]
USART3                  0x2000'02f8    0x4  Data  Gb  usart_f1.o [2]
UsageFault_Handler       0x800'104f         Code  Wk  vectortrap_M.o [3]
Virtual function table for TwoWire
                         0x800'3204   0x10  Data  Gb  Wire.o [5]
Wire                    0x2000'02fc   0x58  Data  Gb  Wire.o [5]
[local to SPI_cpp]::determine_baud_rate(spi_dev *, unsigned int)
                         0x800'2a51   0x32  Code  Lc  SPI.o [4]
[local to rcc_c]::rcc_clk_on_mask(rcc_clk)
                         0x800'20dd    0x8  Code  Lc  rcc.o [2]
[local to rcc_c]::rcc_clk_ready_mask(rcc_clk)
                         0x800'20e5    0xc  Code  Lc  rcc.o [2]
[local to rcc_c]::rcc_clk_reg(rcc_clk)
                         0x800'20c7    0xa  Code  Lc  rcc.o [2]
[local to rcc_f1_c]::__bb_addr(void volatile *, unsigned int, unsigned int, unsigned int)
                         0x800'2337    0xe  Code  Lc  rcc_f1.o [2]
[local to rcc_f1_c]::bb_peri_set_bit(void volatile *, unsigned int, unsigned char)
                         0x800'2329    0xe  Code  Lc  rcc_f1.o [2]
[local to rcc_f1_c]::bb_perip(void volatile *, unsigned int)
                         0x800'2319   0x10  Code  Lc  rcc_f1.o [2]
[local to rcc_f1_c]::rcc_do_clk_disable(unsigned int volatile **, rcc_clk_id)
                         0x800'23b9   0x28  Code  Lc  rcc_f1.o [2]
[local to rcc_f1_c]::rcc_do_clk_enable(unsigned int volatile **, rcc_clk_id)
                         0x800'2345   0x28  Code  Lc  rcc_f1.o [2]
[local to rcc_f1_c]::rcc_do_reset_dev(unsigned int volatile **, rcc_clk_id)
                         0x800'236d   0x38  Code  Lc  rcc_f1.o [2]
[local to rcc_f1_c]::rcc_do_set_prescaler(unsigned int const *, rcc_prescaler, unsigned int)
                         0x800'23a5   0x14  Code  Lc  rcc_f1.o [2]
[local to sysInit__c]::flash_enable_features(unsigned int)
                         0x800'2b8b    0xc  Code  Lc  sysInit .o [2]
[local to sysInit__c]::rcc_disable_css()
                         0x800'2b7d    0xe  Code  Lc  sysInit .o [2]
[local to sysInit__c]::setup_clocks()
                         0x800'2bd5   0x5a  Code  Lc  sysInit .o [2]
[local to sysInit__c]::setup_flash()
                         0x800'2b97   0x10  Code  Lc  sysInit .o [2]
[local to sysInit__c]::setup_nvic()
                         0x800'2c45    0xe  Code  Lc  sysInit .o [2]
[local to timer_c]::__bb_addr(void volatile *, unsigned int, unsigned int, unsigned int)
                         0x800'26bd    0xe  Code  Lc  timer.o [2]
[local to timer_c]::bb_perip(void volatile *, unsigned int)
                         0x800'26ad   0x10  Code  Lc  timer.o [2]
[local to timer_c]::enable_adv_irq(timer_dev *, timer_interrupt_id)
                         0x800'275d   0x74  Code  Lc  timer.o [2]
[local to timer_c]::enable_bas_gen_irq(timer_dev *)
                         0x800'27d1   0x7a  Code  Lc  timer.o [2]
[local to timer_c]::enable_irq(timer_dev *, timer_interrupt_id)
                         0x800'2747   0x16  Code  Lc  timer.o [2]
[local to timer_c]::nvic_irq_enable(nvic_irq_num)
                         0x800'26cb   0x32  Code  Lc  timer.o [2]
[local to timer_c]::timer_enable_irq(timer_dev *, unsigned char)
                         0x800'26fd   0x12  Code  Lc  timer.o [2]
[local to usart_c]::nvic_irq_enable(nvic_irq_num)
                         0x800'2171   0x30  Code  Lc  usart.o [2]
[local to usart_c]::rb_init(ring_buffer *, unsigned short, unsigned char *)
                         0x800'21a5   0x10  Code  Lc  usart.o [2]
[local to usart_c]::rb_insert(ring_buffer *, unsigned char)
                         0x800'21e9   0x1a  Code  Lc  usart.o [2]
[local to usart_c]::rb_is_empty(ring_buffer *)
                         0x800'21d7   0x12  Code  Lc  usart.o [2]
[local to usart_c]::rb_is_full(ring_buffer *)
                         0x800'21b5   0x22  Code  Lc  usart.o [2]
[local to usart_c]::rb_safe_insert(ring_buffer *, unsigned char)
                         0x800'2203   0x22  Code  Lc  usart.o [2]
[local to usart_c]::usart_putc(usart_dev *, unsigned char)
                         0x800'2225   0x14  Code  Lc  usart.o [2]
[local to usart_driver_c]::rb_is_empty(ring_buffer *)
                         0x800'246d   0x12  Code  Lc  usart-driver.o [1]
[local to usart_f1_c]::rb_insert(ring_buffer *, unsigned char)
                         0x800'1d39   0x1a  Code  Lc  usart_f1.o [2]
[local to usart_f1_c]::rb_is_empty(ring_buffer *)
                         0x800'1d27   0x12  Code  Lc  usart_f1.o [2]
[local to usart_f1_c]::rb_is_full(ring_buffer *)
                         0x800'1d05   0x22  Code  Lc  usart_f1.o [2]
[local to usart_f1_c]::rb_push_insert(ring_buffer *, unsigned char)
                         0x800'1d71   0x2a  Code  Lc  usart_f1.o [2]
[local to usart_f1_c]::rb_remove(ring_buffer *)
                         0x800'1d53   0x1e  Code  Lc  usart_f1.o [2]
[local to util_c]::usart_putc(usart_dev *, unsigned char)
                         0x800'1fd9   0x14  Code  Lc  util.o [2]
[local to util_c]::usart_putstr(usart_dev *, char const *)
                         0x800'1fed   0x1c  Code  Lc  util.o [2]
_LitobFullNoMb           0x800'0e05  0x10c  Code  Lc  xprintffull_nomb.o [6]
_PrintfFullNoMb          0x800'00ed  0xcea  Code  Gb  xprintffull_nomb.o [6]
_Prout                   0x800'31c5   0x16  Code  Gb  xprout.o [6]
_PutcharFullNoMb         0x800'0f69   0x20  Code  Lc  xprintffull_nomb.o [6]
_PutcharsFullNoMb        0x800'0f89   0x2e  Code  Lc  xprintffull_nomb.o [6]
__aeabi_atexit           0x800'2ad1    0xa  Code  Gb  cxxabi.o [7]
__aeabi_cdcmple          0x800'1239         Code  Gb  DblCmpLe.o [8]
__aeabi_cdrcmple         0x800'126d         Code  Gb  DblCmpGe.o [8]
__aeabi_d2iz             0x800'13dd         Code  Gb  DblToS32.o [8]
__aeabi_d2uiz            0x800'18d1         Code  Gb  DblToU32.o [8]
__aeabi_ddiv             0x800'1689         Code  Gb  DblDiv.o [8]
__aeabi_dmul             0x800'1911         Code  Gb  DblMul.o [8]
__aeabi_dsub             0x800'15a5         Code  Gb  DblAddSub.o [8]
__aeabi_i2d              0x800'1415         Code  Gb  S32ToDbl.o [8]
__aeabi_ldiv0            0x800'1cf5         Code  Gb  I64DivZer.o [9]
__aeabi_memcpy           0x800'1121         Code  Gb  ABImemcpy.o [9]
__aeabi_memcpy4          0x800'1141         Code  Gb  ABImemcpy.o [9]
__aeabi_memcpy8          0x800'1141         Code  Gb  ABImemcpy.o [9]
__aeabi_ui2d             0x800'18f5         Code  Gb  U32ToDbl.o [8]
__aeabi_uldivmod         0x800'1abd         Code  Gb  I64DivMod.o [9]
__aeabi_vec_ctor_nocookie_nodtor
                         0x800'2aa9   0x28  Code  Gb  cxxabi.o [7]
__call_ctors             0x800'2add   0x18  Code  Gb  cppinit.o [6]
__call_dtors             0x800'2b2b    0xc  Code  Gb  cppinit.o [6]
__call_dtors0            0x800'2b37   0x36  Code  Gb  cppinit.o [6]
__cexit_call_dtors       0x800'3133         Code  Gb  cexit.o [3]
__cmain                  0x800'3109         Code  Gb  cmain.o [3]
__cstart_call_dtors      0x800'32fc         Data  Gb  cstart_call_dtors.o [9]
__cxa_atexit             0x800'2af5   0x36  Code  Gb  cppinit.o [6]
__dso_handle            0x2000'03fc    0x4  Data  Gb  cppinit.o [6]
__error                  0x800'2009   0x14  Code  Gb  util.o [2]
__exit                   0x800'1cf9         Code  Gb  XXexit.o [3]
__iar_Fail_s             0x800'1051   0x1c  Code  Gb  xfail_s.o [6]
__iar_Memchr             0x800'10c9         Code  Gb  memchr.o [9]
__iar_Strchr             0x800'1039         Code  Gb  strchr.o [9]
__iar_cstart_call_ctors
                         0x800'30e9   0x20  Code  Gb  cmain_call_ctors.o [9]
__iar_data_init3         0x800'305d   0x28  Code  Gb  data_init.o [9]
__iar_debug_exceptions   0x800'10c6    0x1  Data  Gb  unwind_debug.o [10]
__iar_frexp              0x800'11d5         Code  Gb  frexp.o [8]
__iar_frexp64            0x800'11c9         Code  Gb  frexp.o [8]
__iar_frexpl             0x800'11d5         Code  Gb  frexp.o [8]
__iar_ldexp64            0x800'12a1         Code  Gb  ldexp.o [8]
__iar_packbits_init_single3
                         0x800'0fff   0x3a  Code  Gb  packbits_init_single.o [9]
__iar_program_start      0x800'315d         Code  Gb  cstartup_M.o [3]
__iar_ropi_program_start
                         0x800'31ad         Code  Gb  cstartup_ropi_M.o [3]
__iar_scalbln64          0x800'12a1         Code  Gb  ldexp.o [8]
__iar_scalbn64           0x800'12a1         Code  Gb  ldexp.o [8]
__iar_tls$$INIT_ARRAY$$Base
                         0x800'3238          --   Gb  - Linker created -
__iar_tls$$INIT_ARRAY$$Limit
                         0x800'3238          --   Gb  - Linker created -
__iar_zero_init3         0x800'3023   0x38  Code  Gb  zero_init3.o [9]
__irq_usart1             0x800'1e47   0x46  Code  Gb  usart_f1.o [2]
__irq_usart2             0x800'1e8d   0x46  Code  Gb  usart_f1.o [2]
__irq_usart3             0x800'1ed3   0x46  Code  Gb  usart_f1.o [2]
__low_level_init         0x800'3127    0x4  Code  Gb  low_level_init.o [6]
__sti__routine           0x800'29a5    0xe  Code  Lc  SPI.o [4]
__sti__routine           0x800'2fd9   0x1a  Code  Lc  Wire.o [5]
__vector_table           0x800'0000         Data  Gb  vector_table_M.o [3]
__write                  0x800'2553   0x38  Code  Gb  usart-driver.o [1]
_call_main               0x800'3115         Code  Gb  cmain.o [3]
_exit                    0x800'3131         Code  Gb  cexit.o [3]
_fail                    0x800'201d   0x5a  Code  Gb  util.o [2]
_usart_clock_freq(usart_dev *)
                         0x800'1fad   0x2c  Code  Gb  usart_private.o [2]
abort                    0x800'1ced    0x6  Code  Gb  abort.o [6]
baud_rates               0x800'3228    0x8  Data  Lc  SPI.o [4]
board_reset_pll()        0x800'2ba7    0x2  Code  Gb  sysInit .o [2]
board_setup_clock_prescalers()
                         0x800'2ba9   0x2c  Code  Gb  sysInit .o [2]
buffer_empty(unsigned char, char)
                         0x800'258b   0x4c  Code  Gb  usart-driver.o [1]
dma1                    0x2000'0000   0x40  Data  Lc  dma_f1.o [2]
exit                     0x800'312b    0x4  Code  Gb  exit.o [6]
flash_set_latency        0x800'2c65   0x14  Code  Gb  flash.o [2]
frexp                    0x800'11c9         Code  Gb  frexp.o [8]
frexpl                   0x800'11c9         Code  Gb  frexp.o [8]
getPort(unsigned char)   0x800'2625   0x60  Code  Gb  gpio-driver.o [1]
get_timer_struct(unsigned char)
                         0x800'2959   0x30  Code  Gb  timer-driver.o [1]
get_usart(unsigned char)
                         0x800'25d7   0x26  Code  Gb  usart-driver.o [1]
gpio_init                0x800'2699   0x12  Code  Gb  gpio.o [2]
gpio_set_mode            0x800'1f45   0x66  Code  Gb  gpio_f1.o [2]
gpioa                   0x2000'0044    0x8  Data  Gb  gpio_f1.o [2]
gpiob                   0x2000'004c    0x8  Data  Gb  gpio_f1.o [2]
gpioc                   0x2000'0054    0x8  Data  Gb  gpio_f1.o [2]
increaseTime()           0x800'2925    0xc  Code  Gb  timer-driver.o [1]
ldexp                    0x800'12a1         Code  Gb  ldexp.o [8]
ldexpl                   0x800'12a1         Code  Gb  ldexp.o [8]
main                     0x800'2f65   0x4c  Code  Gb  main.o [1]
memchr                   0x800'10c9         Code  Gb  memchr.o [9]
next_abi_dtor_rec       0x2000'03f8    0x4  Data  Lc  cppinit.o [6]
nvic_init                0x800'2c9d   0x26  Code  Gb  nvic.o [2]
nvic_irq_set_priority    0x800'2c79   0x24  Code  Gb  nvic.o [2]
nvic_set_vector_table    0x800'2cc3    0xc  Code  Gb  nvic.o [2]
pino_rx                  0x800'3258    0x4  Data  Lc  usart-driver.o [1]
pino_tx                  0x800'3254    0x4  Data  Lc  usart-driver.o [1]
pll_data                0x2000'0094    0x4  Data  Lc  sysInit .o [2]
port_init               0x2000'03e8    0x4  Data  Gb  gpio-driver.o [1]
printf                   0x800'2fb1   0x28  Code  Gb  printf.o [6]
putchar                  0x800'30c9   0x20  Code  Gb  putchar.o [6]
rcc_clk_disable          0x800'243d    0xe  Code  Gb  rcc_f1.o [2]
rcc_clk_disable::enable_regs
                        0x2000'0070    0xc  Data  Lc  rcc_f1.o [2]
rcc_clk_enable           0x800'2411    0xe  Code  Gb  rcc_f1.o [2]
rcc_clk_enable::enable_regs
                        0x2000'005c    0xc  Data  Lc  rcc_f1.o [2]
rcc_configure_pll        0x800'23e1   0x30  Code  Gb  rcc_f1.o [2]
rcc_dev_clk              0x800'2091    0xa  Code  Gb  rcc.o [2]
rcc_dev_table            0x800'2f08   0x5c  Data  Gb  rcc_f1.o [2]
rcc_is_clk_on            0x800'212f   0x24  Code  Gb  rcc.o [2]
rcc_is_clk_ready         0x800'2153   0x1c  Code  Gb  rcc.o [2]
rcc_reset_dev            0x800'241f    0xe  Code  Gb  rcc_f1.o [2]
rcc_reset_dev::reset_regs
                        0x2000'0068    0x8  Data  Lc  rcc_f1.o [2]
rcc_set_prescaler        0x800'242d   0x10  Code  Gb  rcc_f1.o [2]
rcc_set_prescaler::masks
                         0x800'31f0   0x14  Data  Lc  rcc_f1.o [2]
rcc_switch_sysclk        0x800'209b   0x2c  Code  Gb  rcc.o [2]
rcc_turn_off_clk         0x800'210f   0x20  Code  Gb  rcc.o [2]
rcc_turn_on_clk          0x800'20f1   0x1e  Code  Gb  rcc.o [2]
scalbln                  0x800'12a1         Code  Gb  ldexp.o [8]
scalblnl                 0x800'12a1         Code  Gb  ldexp.o [8]
scalbn                   0x800'12a1         Code  Gb  ldexp.o [8]
scalbnl                  0x800'12a1         Code  Gb  ldexp.o [8]
scale                    0x800'0f11   0x46  Code  Lc  xprintffull_nomb.o [6]
sec_hand                0x2000'0400    0x4  Data  Lc  xfail_s.o [6]
spi1                    0x2000'007c    0x8  Data  Lc  spi_f1.o [2]
spi2                    0x2000'0084    0x8  Data  Lc  spi_f1.o [2]
start_millis(unsigned char)
                         0x800'2931   0x28  Code  Gb  timer-driver.o [1]
started_timer           0x2000'03e0    0x8  Data  Gb  timer-driver.o [1]
strchr                   0x800'1039         Code  Gb  strchr.o [9]
strlen                   0x800'1091         Code  Gb  strlen.o [9]
systemInit()             0x800'2c53   0x10  Code  Gb  sysInit .o [2]
throb                    0x800'208d    0x2  Code  Gb  util.o [2]
time_miliseconds        0x2000'03ec    0x4  Data  Gb  timer-driver.o [1]
timer1                  0x2000'00a0   0x28  Data  Gb  timer.o [2]
timer2                  0x2000'00c8   0x24  Data  Gb  timer.o [2]
timer3                  0x2000'00ec   0x24  Data  Gb  timer.o [2]
timer4                  0x2000'0110   0x24  Data  Gb  timer.o [2]
timer_attach_interrupt   0x800'2721   0x26  Code  Gb  timer.o [2]
timer_config(unsigned char, unsigned short)
                         0x800'2859   0xa0  Code  Gb  timer-driver.o [1]
timer_init               0x800'270f   0x12  Code  Gb  timer.o [2]
timer_start(unsigned char)
                         0x800'28f9   0x2a  Code  Gb  timer-driver.o [1]
uart_config(unsigned char, unsigned int)
                         0x800'247f   0xd4  Code  Gb  usart-driver.o [1]
usart                   0x2000'03f0    0x4  Data  Lc  usart-driver.o [1]
usart1                  0x2000'0134   0x94  Data  Lc  usart_f1.o [2]
usart1_rb               0x2000'0398    0xc  Data  Lc  usart_f1.o [2]
usart1_wb               0x2000'03a4    0xc  Data  Lc  usart_f1.o [2]
usart2                  0x2000'01cc   0x94  Data  Lc  usart_f1.o [2]
usart2_rb               0x2000'03b0    0xc  Data  Lc  usart_f1.o [2]
usart2_wb               0x2000'03bc    0xc  Data  Lc  usart_f1.o [2]
usart3                  0x2000'0264   0x94  Data  Lc  usart_f1.o [2]
usart3_rb               0x2000'03c8    0xc  Data  Lc  usart_f1.o [2]
usart3_wb               0x2000'03d4    0xc  Data  Lc  usart_f1.o [2]
usart_config_gpios_async
                         0x800'1d9b   0x54  Code  Gb  usart_f1.o [2]
usart_enable             0x800'2267   0x14  Code  Gb  usart.o [2]
usart_init               0x800'2239   0x2e  Code  Gb  usart.o [2]
usart_putudec            0x800'22e3   0x36  Code  Gb  usart.o [2]
usart_set_baud_rate      0x800'1def   0x58  Code  Gb  usart_f1.o [2]
usart_tx                 0x800'227b   0x68  Code  Gb  usart.o [2]
w_board_pll_cfg         0x2000'0098    0x8  Data  Gb  sysInit .o [2]


[1] = C:\Users\arthu\Documents\Programas\PortableApps\GeanyPortable\Programas\Projeto_de_sistemas_embarcados\Projeto Final - C++\Debug\Obj
[2] = C:\Users\arthu\Documents\Programas\PortableApps\GeanyPortable\Programas\Projeto_de_sistemas_embarcados\Projeto Final - C++\Debug\Obj\Core
[3] = C:\Users\arthu\Documents\Programas\PortableApps\GeanyPortable\Programas\Projeto_de_sistemas_embarcados\Projeto Final - C++\Debug\Obj\Core\Vector
[4] = C:\Users\arthu\Documents\Programas\PortableApps\GeanyPortable\Programas\Projeto_de_sistemas_embarcados\Projeto Final - C++\Debug\Obj\SPI
[5] = C:\Users\arthu\Documents\Programas\PortableApps\GeanyPortable\Programas\Projeto_de_sistemas_embarcados\Projeto Final - C++\Debug\Obj\Wire
[6] = dl7M_tln.a
[7] = dlpp7M_tl_nc.a
[8] = m7M_tl.a
[9] = rt7M_tl.a
[10] = shb_l.a

  12'155 bytes of readonly  code memory
   1'139 bytes of readonly  data memory
   3'472 bytes of readwrite data memory

Errors: none
Warnings: none
